// Jest Snapshot v1, https://goo.gl/fbAQLP

exports[`toInterfaceData should match snapshot 1`] = `
Object {
  "agent_id": "idhash",
  "avatar_url": "avatarUrlthing",
}
`;

exports[`toUiData should match snapshot 1`] = `
Object {
  "avatarUrl": "avatarUrlthing",
  "id": "idhash",
}
`;

exports[`toUiKeyMap should match snapshot 1`] = `
Object {
  "comment": Object {
    "agent_id": "creator",
    "base": "postId",
  },
  "global": Object {
    "address": "id",
    "avatar_url": "avatarUrl",
    "timestamp": "createdAt",
  },
  "message": Object {
    "thread_address": "messageThreadId",
  },
  "person": Object {
    "agent_id": "id",
  },
  "post": Object {
    "base": "communityId",
    "post_type": "type",
  },
}
`;

exports[`toUiQuerySet should match snapshot 1`] = `
Object {
  "hasMore": false,
  "items": Array [
    Object {
      "1": "test",
    },
    Object {
      "2": "test",
    },
  ],
  "total": 2,
}
`;
